<!DOCTYPE html>
<html lang="en"> 
   <head>
      <meta charset="utf-8">
  </head>
  <body>
    <div>
      <svg height="110" width="110">
        <g transform="translate(5,5)">
          <line x1="0" y1="0" x2="0" y2="100" stroke="black" stroke-width="2" fill="none"></line>
          <line x1="0" y1="100" x2="100" y2="100" stroke="black" stroke-width="2" fill="none"></line>
          <polyline points="0,100 50,0 100,100" stroke="black" fill="none"></polyline>
          <polyline points="0,0 50,100 100,0" stroke="black" fill="none"></polyline>
          <polyline points="0,50 50,50" stroke="black" fill="none"></polyine>
        </g>
    </svg>
    </div>
  </body>
</html>