<!DOCTYPE html>
<html lang="en"> 
   <head>
      <meta charset="utf-8">
  </head>
  <body>
    <div>
      <svg height="210" width="210">
        <g transform="translate(100,100), scale(100)" stroke-width="0.01" stroke="white">
          <path d="M0,0L1,0A1,1,1,0,1,0,1Z"></path>
          <path d="M0,0L0,1A1,1,1,0,1,-1,0Z"></path>
          <path d="M0,0L-1,0A1,1,1,1,1,1,0Z"></path>
        </g>
    </svg>
    </div>
  </body>
</html>