<!DOCTYPE html>
<html lang="en"> 
   <head>
      <meta charset="utf-8">
  </head>
  <body>
    <div>
      <svg height="210" width="210">
        <g transform="translate(100,100), scale(100)" stroke-width="0.01" stroke="white">
          <path d="M0,0l1,0a1,1,1,0,1,-1,1Z"></path>
          <path d="M0,0l0,1a1,1,1,0,1,-1,-1Z"></path>
          <path d="M0,-0.02l-1,0a1,1,1,0,1,2,0Z"></path>
        </g>
    </svg>
    </div>
  </body>
</html>